Conversion run started at 2026-09-20 18:01:13
Working directory: C:/Git/dal/daltoolbox
[2026-09-20 18:01:17] phase=rmd->md status=ok duration=4.146s file=Rmd/classification/ensemble/12-ensemble-random-forest.Rmd
[2026-09-20 18:01:17] phase=rmd->md status=ok duration=0.193s file=Rmd/classification/ensemble/15-ensemble-bagging.Rmd
[2026-09-20 18:01:18] phase=rmd->md status=ok duration=0.778s file=Rmd/classification/ensemble/16-ensemble-boosting.Rmd
[2026-09-20 18:01:18] phase=rmd->md status=ok duration=0.192s file=Rmd/classification/ensemble/22-boosting-xgboost.Rmd
[2026-09-20 18:01:18] phase=rmd->md status=ok duration=0.010s file=Rmd/classification/ensemble/README.Rmd
[2026-09-20 18:01:18] phase=rmd->md status=ok duration=0.149s file=Rmd/classification/fundamentals/01-baseline-majority.Rmd
[2026-09-20 18:01:19] phase=rmd->md status=ok duration=0.165s file=Rmd/classification/fundamentals/02-interpretable-tree.Rmd
[2026-09-20 18:01:19] phase=rmd->md status=ok duration=0.141s file=Rmd/classification/fundamentals/21-tree-rpart.Rmd
[2026-09-20 18:01:19] phase=rmd->md status=ok duration=0.009s file=Rmd/classification/fundamentals/README.Rmd
[2026-09-20 18:01:19] phase=rmd->md status=ok duration=0.268s file=Rmd/classification/knn/10-instance-based-knn.Rmd
[2026-09-20 18:01:19] phase=rmd->md status=ok duration=0.009s file=Rmd/classification/knn/README.Rmd
[2026-09-20 18:01:19] phase=rmd->md status=ok duration=0.207s file=Rmd/classification/linear-models/17-linear-logistic-glm.Rmd
[2026-09-20 18:01:20] phase=rmd->md status=ok duration=0.347s file=Rmd/classification/linear-models/18-linear-logistic-glmnet.Rmd
[2026-09-20 18:01:20] phase=rmd->md status=ok duration=0.010s file=Rmd/classification/linear-models/README.Rmd
[2026-09-20 18:01:24] phase=rmd->md status=ok duration=4.072s file=Rmd/classification/model-selection/20-model-selection-tuning.Rmd
[2026-09-20 18:01:24] phase=rmd->md status=ok duration=0.010s file=Rmd/classification/model-selection/README.Rmd
[2026-09-20 18:01:24] phase=rmd->md status=ok duration=0.147s file=Rmd/classification/neural-networks/14-neural-mlp.Rmd
[2026-09-20 18:01:24] phase=rmd->md status=ok duration=0.009s file=Rmd/classification/neural-networks/README.Rmd
[2026-09-20 18:01:24] phase=rmd->md status=ok duration=0.218s file=Rmd/classification/probabilistic/11-probabilistic-naive-bayes.Rmd
[2026-09-20 18:01:24] phase=rmd->md status=ok duration=0.166s file=Rmd/classification/probabilistic/19-probabilistic-multinomial.Rmd
[2026-09-20 18:01:24] phase=rmd->md status=ok duration=0.009s file=Rmd/classification/probabilistic/README.Rmd
[2026-09-20 18:01:24] phase=rmd->md status=ok duration=0.010s file=Rmd/classification/README.Rmd
[2026-09-20 18:01:24] phase=rmd->md status=ok duration=0.192s file=Rmd/classification/svm/13-margin-svm.Rmd
[2026-09-20 18:01:24] phase=rmd->md status=ok duration=0.010s file=Rmd/classification/svm/README.Rmd
[2026-09-20 18:01:25] phase=rmd->md status=ok duration=0.193s file=Rmd/clustering/advanced-views/11-fuzzy-cmeans.Rmd
[2026-09-20 18:01:25] phase=rmd->md status=ok duration=0.199s file=Rmd/clustering/advanced-views/12-model-based-gmm.Rmd
[2026-09-20 18:01:25] phase=rmd->md status=ok duration=0.517s file=Rmd/clustering/advanced-views/13-hierarchical-hclust.Rmd
[2026-09-20 18:01:26] phase=rmd->md status=ok duration=0.320s file=Rmd/clustering/advanced-views/14-graph-louvain.Rmd
[2026-09-20 18:01:26] phase=rmd->md status=ok duration=0.010s file=Rmd/clustering/advanced-views/README.Rmd
[2026-09-20 18:01:26] phase=rmd->md status=ok duration=0.147s file=Rmd/clustering/density/10-density-dbscan.Rmd
[2026-09-20 18:01:26] phase=rmd->md status=ok duration=0.010s file=Rmd/clustering/density/README.Rmd
[2026-09-20 18:01:26] phase=rmd->md status=ok duration=0.285s file=Rmd/clustering/model-selection/19-custom-evaluation.Rmd
[2026-09-20 18:01:26] phase=rmd->md status=ok duration=0.338s file=Rmd/clustering/model-selection/20-model-selection-tuning.Rmd
[2026-09-20 18:01:26] phase=rmd->md status=ok duration=0.010s file=Rmd/clustering/model-selection/README.Rmd
[2026-09-20 18:01:27] phase=rmd->md status=ok duration=0.191s file=Rmd/clustering/partitional/01-partitional-kmeans.Rmd
[2026-09-20 18:01:27] phase=rmd->md status=ok duration=0.153s file=Rmd/clustering/partitional/02-medoid-pam.Rmd
[2026-09-20 18:01:27] phase=rmd->md status=ok duration=0.010s file=Rmd/clustering/partitional/README.Rmd
[2026-09-20 18:01:27] phase=rmd->md status=ok duration=0.010s file=Rmd/clustering/README.Rmd
[2026-09-20 18:01:27] phase=rmd->md status=ok duration=0.139s file=Rmd/custom/01-custom-transformation.Rmd
[2026-09-20 18:01:27] phase=rmd->md status=ok duration=0.182s file=Rmd/custom/10-custom-classification.Rmd
[2026-09-20 18:01:27] phase=rmd->md status=ok duration=0.346s file=Rmd/custom/20-custom-regression.Rmd
[2026-09-20 18:01:28] phase=rmd->md status=ok duration=0.249s file=Rmd/custom/30-custom-clustering.Rmd
[2026-09-20 18:01:28] phase=rmd->md status=ok duration=0.083s file=Rmd/custom/40-autoencoder-base-encoder.Rmd
[2026-09-20 18:01:28] phase=rmd->md status=ok duration=0.117s file=Rmd/custom/41-autoencoder-base-encoder-decoder.Rmd
[2026-09-20 18:01:28] phase=rmd->md status=ok duration=0.082s file=Rmd/custom/50-pattern-miner-base.Rmd
[2026-09-20 18:01:28] phase=rmd->md status=ok duration=0.010s file=Rmd/custom/README.Rmd
[2026-09-20 18:01:29] phase=rmd->md status=ok duration=0.519s file=Rmd/graphics/comparison/01-comparison-bar.Rmd
[2026-09-20 18:01:29] phase=rmd->md status=ok duration=0.301s file=Rmd/graphics/comparison/02-comparison-bar-with-error.Rmd
[2026-09-20 18:01:29] phase=rmd->md status=ok duration=0.313s file=Rmd/graphics/comparison/03-comparison-grouped-bar.Rmd
[2026-09-20 18:01:29] phase=rmd->md status=ok duration=0.358s file=Rmd/graphics/comparison/04-comparison-stacked-bar.Rmd
[2026-09-20 18:01:30] phase=rmd->md status=ok duration=0.439s file=Rmd/graphics/comparison/05-comparison-lollipop.Rmd
[2026-09-20 18:01:30] phase=rmd->md status=ok duration=0.294s file=Rmd/graphics/comparison/06-proportion-pie.Rmd
[2026-09-20 18:01:31] phase=rmd->md status=ok duration=0.306s file=Rmd/graphics/comparison/07-profile-radar.Rmd
[2026-09-20 18:01:31] phase=rmd->md status=ok duration=0.010s file=Rmd/graphics/comparison/README.Rmd
[2026-09-20 18:01:32] phase=rmd->md status=ok duration=1.118s file=Rmd/graphics/distribution/10-distribution-histogram.Rmd
[2026-09-20 18:01:33] phase=rmd->md status=ok duration=1.198s file=Rmd/graphics/distribution/11-distribution-density.Rmd
[2026-09-20 18:01:33] phase=rmd->md status=ok duration=0.561s file=Rmd/graphics/distribution/12-distribution-boxplot.Rmd
[2026-09-20 18:01:34] phase=rmd->md status=ok duration=0.332s file=Rmd/graphics/distribution/13-distribution-boxplot-by-class.Rmd
[2026-09-20 18:01:34] phase=rmd->md status=ok duration=0.368s file=Rmd/graphics/distribution/14-distribution-density-by-class.Rmd
[2026-09-20 18:01:34] phase=rmd->md status=ok duration=0.289s file=Rmd/graphics/distribution/20-relationship-scatter.Rmd
[2026-09-20 18:01:35] phase=rmd->md status=ok duration=0.281s file=Rmd/graphics/distribution/21-relationship-points.Rmd
[2026-09-20 18:01:35] phase=rmd->md status=ok duration=0.294s file=Rmd/graphics/distribution/22-relationship-correlation.Rmd
[2026-09-20 18:01:38] phase=rmd->md status=ok duration=2.616s file=Rmd/graphics/distribution/23-relationship-pair.Rmd
[2026-09-20 18:01:43] phase=rmd->md status=ok duration=5.293s file=Rmd/graphics/distribution/24-relationship-pair-advanced.Rmd
[2026-09-20 18:01:43] phase=rmd->md status=ok duration=0.354s file=Rmd/graphics/distribution/25-relationship-parallel.Rmd
[2026-09-20 18:01:44] phase=rmd->md status=ok duration=0.651s file=Rmd/graphics/distribution/26-relationship-pixel.Rmd
[2026-09-20 18:01:44] phase=rmd->md status=ok duration=0.459s file=Rmd/graphics/distribution/27-relationship-dendrogram.Rmd
[2026-09-20 18:01:45] phase=rmd->md status=ok duration=0.277s file=Rmd/graphics/distribution/30-time-series-lines.Rmd
[2026-09-20 18:01:45] phase=rmd->md status=ok duration=0.230s file=Rmd/graphics/distribution/31-time-series-basic.Rmd
[2026-09-20 18:01:45] phase=rmd->md status=ok duration=0.290s file=Rmd/graphics/distribution/32-time-series-forecast.Rmd
[2026-09-20 18:01:46] phase=rmd->md status=ok duration=0.439s file=Rmd/graphics/distribution/40-export-save-pdf.Rmd
[2026-09-20 18:01:46] phase=rmd->md status=ok duration=0.820s file=Rmd/graphics/distribution/41-export-save-jpg.Rmd
[2026-09-20 18:01:46] phase=rmd->md status=ok duration=0.011s file=Rmd/graphics/distribution/README.Rmd
[2026-09-20 18:01:46] phase=rmd->md status=ok duration=0.011s file=Rmd/graphics/README.Rmd
[2026-09-20 18:01:47] phase=rmd->md status=ok duration=0.335s file=Rmd/patterns/01-apriori-rules.Rmd
[2026-09-20 18:01:47] phase=rmd->md status=ok duration=0.385s file=Rmd/patterns/10-eclat-itemsets.Rmd
[2026-09-20 18:01:47] phase=rmd->md status=ok duration=0.268s file=Rmd/patterns/20-cspade-sequences.Rmd
[2026-09-20 18:01:48] phase=rmd->md status=ok duration=0.536s file=Rmd/patterns/30-divergent-association-ranking.Rmd
[2026-09-20 18:01:48] phase=rmd->md status=ok duration=0.012s file=Rmd/patterns/README.Rmd
[2026-09-20 18:01:48] phase=rmd->md status=ok duration=0.012s file=Rmd/README.Rmd
[2026-09-20 18:01:48] phase=rmd->md status=ok duration=0.176s file=Rmd/regression/beyond-linear/01-interpretable-tree.Rmd
[2026-09-20 18:01:48] phase=rmd->md status=ok duration=0.153s file=Rmd/regression/beyond-linear/10-instance-based-knn.Rmd
[2026-09-20 18:01:48] phase=rmd->md status=ok duration=0.011s file=Rmd/regression/beyond-linear/README.Rmd
[2026-09-20 18:01:49] phase=rmd->md status=ok duration=0.280s file=Rmd/regression/ensemble/20-ensemble-random-forest.Rmd
[2026-09-20 18:01:49] phase=rmd->md status=ok duration=0.009s file=Rmd/regression/ensemble/README.Rmd
[2026-09-20 18:01:49] phase=rmd->md status=ok duration=0.161s file=Rmd/regression/flexible/30-margin-svm.Rmd
[2026-09-20 18:01:49] phase=rmd->md status=ok duration=0.371s file=Rmd/regression/flexible/40-neural-mlp.Rmd
[2026-09-20 18:01:49] phase=rmd->md status=ok duration=0.012s file=Rmd/regression/flexible/README.Rmd
[2026-09-20 18:01:49] phase=rmd->md status=ok duration=0.158s file=Rmd/regression/linear/11-linear-model.Rmd
[2026-09-20 18:01:49] phase=rmd->md status=ok duration=0.010s file=Rmd/regression/linear/README.Rmd
[2026-09-20 18:01:56] phase=rmd->md status=ok duration=6.823s file=Rmd/regression/model-selection/50-model-selection-tuning.Rmd
[2026-09-20 18:01:56] phase=rmd->md status=ok duration=0.011s file=Rmd/regression/model-selection/README.Rmd
[2026-09-20 18:01:56] phase=rmd->md status=ok duration=0.011s file=Rmd/regression/README.Rmd
[2026-09-20 18:01:56] phase=rmd->md status=ok duration=0.122s file=Rmd/transf/aggregation/80-aggregation-by-group.Rmd
[2026-09-20 18:01:56] phase=rmd->md status=ok duration=0.010s file=Rmd/transf/aggregation/README.Rmd
[2026-09-20 18:01:56] phase=rmd->md status=ok duration=0.153s file=Rmd/transf/balancing/50-balancing-oversampling.Rmd
[2026-09-20 18:01:57] phase=rmd->md status=ok duration=0.090s file=Rmd/transf/balancing/51-balancing-subsampling.Rmd
[2026-09-20 18:01:57] phase=rmd->md status=ok duration=0.010s file=Rmd/transf/balancing/README.Rmd
[2026-09-20 18:01:57] phase=rmd->md status=ok duration=0.115s file=Rmd/transf/cleaning/10-cleaning-na-removal.Rmd
[2026-09-20 18:01:57] phase=rmd->md status=ok duration=0.121s file=Rmd/transf/cleaning/11-cleaning-outliers-boxplot.Rmd
[2026-09-20 18:01:57] phase=rmd->md status=ok duration=0.132s file=Rmd/transf/cleaning/12-cleaning-outliers-gaussian.Rmd
[2026-09-20 18:01:57] phase=rmd->md status=ok duration=0.246s file=Rmd/transf/cleaning/13-cleaning-imputation-tree.Rmd
[2026-09-20 18:01:57] phase=rmd->md status=ok duration=0.011s file=Rmd/transf/cleaning/README.Rmd
[2026-09-20 18:01:57] phase=rmd->md status=ok duration=0.152s file=Rmd/transf/dimensionality/70-dimensionality-pca.Rmd
[2026-09-20 18:01:58] phase=rmd->md status=ok duration=0.548s file=Rmd/transf/dimensionality/71-curvature-minimum.Rmd
[2026-09-20 18:01:58] phase=rmd->md status=ok duration=0.598s file=Rmd/transf/dimensionality/72-curvature-maximum.Rmd
[2026-09-20 18:01:58] phase=rmd->md status=ok duration=0.010s file=Rmd/transf/dimensionality/README.Rmd
[2026-09-20 18:01:59] phase=rmd->md status=ok duration=0.105s file=Rmd/transf/encoding/30-encoding-categorical-mapping.Rmd
[2026-09-20 18:01:59] phase=rmd->md status=ok duration=0.101s file=Rmd/transf/encoding/31-encoding-hierarchy-cut.Rmd
[2026-09-20 18:01:59] phase=rmd->md status=ok duration=0.096s file=Rmd/transf/encoding/32-feature-generation.Rmd
[2026-09-20 18:01:59] phase=rmd->md status=ok duration=0.011s file=Rmd/transf/encoding/README.Rmd
[2026-09-20 18:01:59] phase=rmd->md status=ok duration=0.143s file=Rmd/transf/feature-selection/60-feature-selection-information-gain.Rmd
[2026-09-20 18:01:59] phase=rmd->md status=ok duration=0.108s file=Rmd/transf/feature-selection/61-feature-selection-relief.Rmd
[2026-09-20 18:01:59] phase=rmd->md status=ok duration=0.218s file=Rmd/transf/feature-selection/62-feature-selection-stepwise.Rmd
[2026-09-20 18:01:59] phase=rmd->md status=ok duration=0.220s file=Rmd/transf/feature-selection/63-feature-selection-lasso.Rmd
[2026-09-20 18:02:00] phase=rmd->md status=ok duration=0.184s file=Rmd/transf/feature-selection/64-feature-selection-fss.Rmd
[2026-09-20 18:02:00] phase=rmd->md status=ok duration=0.013s file=Rmd/transf/feature-selection/README.Rmd
[2026-09-20 18:02:00] phase=rmd->md status=ok duration=0.013s file=Rmd/transf/README.Rmd
[2026-09-20 18:02:00] phase=rmd->md status=ok duration=0.133s file=Rmd/transf/sampling/01-sampling-random.Rmd
[2026-09-20 18:02:00] phase=rmd->md status=ok duration=0.121s file=Rmd/transf/sampling/02-sampling-stratified.Rmd
[2026-09-20 18:02:00] phase=rmd->md status=ok duration=0.127s file=Rmd/transf/sampling/03-sampling-simple.Rmd
[2026-09-20 18:02:00] phase=rmd->md status=ok duration=0.126s file=Rmd/transf/sampling/04-sampling-balance.Rmd
[2026-09-20 18:02:00] phase=rmd->md status=ok duration=0.119s file=Rmd/transf/sampling/05-sampling-groups.Rmd
[2026-09-20 18:02:00] phase=rmd->md status=ok duration=0.012s file=Rmd/transf/sampling/README.Rmd
[2026-09-20 18:02:00] phase=rmd->md status=ok duration=0.135s file=Rmd/transf/scaling/20-scaling-minmax.Rmd
[2026-09-20 18:02:01] phase=rmd->md status=ok duration=0.145s file=Rmd/transf/scaling/21-scaling-zscore.Rmd
[2026-09-20 18:02:01] phase=rmd->md status=ok duration=0.011s file=Rmd/transf/scaling/README.Rmd
[2026-09-20 18:02:01] phase=rmd->md status=ok duration=0.165s file=Rmd/transf/smoothing/40-smoothing-interval.Rmd
[2026-09-20 18:02:01] phase=rmd->md status=ok duration=0.149s file=Rmd/transf/smoothing/41-smoothing-frequency.Rmd
[2026-09-20 18:02:01] phase=rmd->md status=ok duration=0.222s file=Rmd/transf/smoothing/42-smoothing-clustering.Rmd
[2026-09-20 18:02:01] phase=rmd->md status=ok duration=0.109s file=Rmd/transf/smoothing/43-smoothing-generic.Rmd
[2026-09-20 18:02:01] phase=rmd->md status=ok duration=0.194s file=Rmd/transf/smoothing/44-smoothing-quantization.Rmd
[2026-09-20 18:02:01] phase=rmd->md status=ok duration=0.012s file=Rmd/transf/smoothing/README.Rmd
[2026-09-20 18:02:02] phase=rmd->md status=ok duration=0.123s file=Rmd/tutorial/01-first-experiment.Rmd
[2026-09-20 18:02:02] phase=rmd->md status=ok duration=0.124s file=Rmd/tutorial/02-sampling-strategy.Rmd
[2026-09-20 18:02:02] phase=rmd->md status=ok duration=0.133s file=Rmd/tutorial/03-data-quality-and-cleaning.Rmd
[2026-09-20 18:02:02] phase=rmd->md status=ok duration=0.130s file=Rmd/tutorial/04-preprocessing-basics.Rmd
[2026-09-20 18:02:02] phase=rmd->md status=ok duration=0.118s file=Rmd/tutorial/10-baseline-classification.Rmd
[2026-09-20 18:02:02] phase=rmd->md status=ok duration=0.118s file=Rmd/tutorial/11-metrics-and-evaluation.Rmd
[2026-09-20 18:02:02] phase=rmd->md status=ok duration=0.165s file=Rmd/tutorial/12-model-comparison.Rmd
[2026-09-20 18:02:03] phase=rmd->md status=ok duration=0.754s file=Rmd/tutorial/13-tuning-workflow.Rmd
[2026-09-20 18:02:03] phase=rmd->md status=ok duration=0.120s file=Rmd/tutorial/20-end-to-end-classification-pipeline.Rmd
[2026-09-20 18:02:03] phase=rmd->md status=ok duration=0.117s file=Rmd/tutorial/21-regression-workflow.Rmd
[2026-09-20 18:02:04] phase=rmd->md status=ok duration=0.207s file=Rmd/tutorial/22-clustering-workflow.Rmd
[2026-09-20 18:02:04] phase=rmd->md status=ok duration=0.268s file=Rmd/tutorial/30-visual-analysis-and-reporting.Rmd
[2026-09-20 18:02:04] phase=rmd->md status=ok duration=0.177s file=Rmd/tutorial/31-custom-extension.Rmd
[2026-09-20 18:02:04] phase=rmd->md status=ok duration=0.011s file=Rmd/tutorial/README.Rmd
[2026-09-20 18:02:05] phase=rmd->docx status=ok duration=0.654s file=Rmd/classification/ensemble/12-ensemble-random-forest.Rmd
[2026-09-20 18:02:05] phase=rmd->docx status=ok duration=0.502s file=Rmd/classification/ensemble/15-ensemble-bagging.Rmd
[2026-09-20 18:02:06] phase=rmd->docx status=ok duration=0.864s file=Rmd/classification/ensemble/16-ensemble-boosting.Rmd
[2026-09-20 18:02:07] phase=rmd->docx status=ok duration=0.489s file=Rmd/classification/ensemble/22-boosting-xgboost.Rmd
[2026-09-20 18:02:07] phase=rmd->docx status=ok duration=0.092s file=Rmd/classification/ensemble/README.Rmd
[2026-09-20 18:02:07] phase=rmd->docx status=ok duration=0.449s file=Rmd/classification/fundamentals/01-baseline-majority.Rmd
[2026-09-20 18:02:08] phase=rmd->docx status=ok duration=0.466s file=Rmd/classification/fundamentals/02-interpretable-tree.Rmd
[2026-09-20 18:02:08] phase=rmd->docx status=ok duration=0.441s file=Rmd/classification/fundamentals/21-tree-rpart.Rmd
[2026-09-20 18:02:08] phase=rmd->docx status=ok duration=0.087s file=Rmd/classification/fundamentals/README.Rmd
[2026-09-20 18:02:09] phase=rmd->docx status=ok duration=0.399s file=Rmd/classification/knn/10-instance-based-knn.Rmd
[2026-09-20 18:02:09] phase=rmd->docx status=ok duration=0.080s file=Rmd/classification/knn/README.Rmd
[2026-09-20 18:02:09] phase=rmd->docx status=ok duration=0.411s file=Rmd/classification/linear-models/17-linear-logistic-glm.Rmd
[2026-09-20 18:02:09] phase=rmd->docx status=ok duration=0.479s file=Rmd/classification/linear-models/18-linear-logistic-glmnet.Rmd
[2026-09-20 18:02:10] phase=rmd->docx status=ok duration=0.082s file=Rmd/classification/linear-models/README.Rmd
[2026-09-20 18:02:14] phase=rmd->docx status=ok duration=4.720s file=Rmd/classification/model-selection/20-model-selection-tuning.Rmd
[2026-09-20 18:02:14] phase=rmd->docx status=ok duration=0.081s file=Rmd/classification/model-selection/README.Rmd
[2026-09-20 18:02:15] phase=rmd->docx status=ok duration=0.492s file=Rmd/classification/neural-networks/14-neural-mlp.Rmd
[2026-09-20 18:02:15] phase=rmd->docx status=ok duration=0.094s file=Rmd/classification/neural-networks/README.Rmd
[2026-09-20 18:02:15] phase=rmd->docx status=ok duration=0.483s file=Rmd/classification/probabilistic/11-probabilistic-naive-bayes.Rmd
[2026-09-20 18:02:16] phase=rmd->docx status=ok duration=0.462s file=Rmd/classification/probabilistic/19-probabilistic-multinomial.Rmd
[2026-09-20 18:02:16] phase=rmd->docx status=ok duration=0.085s file=Rmd/classification/probabilistic/README.Rmd
[2026-09-20 18:02:16] phase=rmd->docx status=ok duration=0.099s file=Rmd/classification/README.Rmd
[2026-09-20 18:02:17] phase=rmd->docx status=ok duration=0.452s file=Rmd/classification/svm/13-margin-svm.Rmd
[2026-09-20 18:02:17] phase=rmd->docx status=ok duration=0.082s file=Rmd/classification/svm/README.Rmd
[2026-09-20 18:02:17] phase=rmd->docx status=ok duration=0.426s file=Rmd/clustering/advanced-views/11-fuzzy-cmeans.Rmd
[2026-09-20 18:02:18] phase=rmd->docx status=ok duration=0.457s file=Rmd/clustering/advanced-views/12-model-based-gmm.Rmd
[2026-09-20 18:02:18] phase=rmd->docx status=ok duration=0.799s file=Rmd/clustering/advanced-views/13-hierarchical-hclust.Rmd
[2026-09-20 18:02:19] phase=rmd->docx status=ok duration=0.421s file=Rmd/clustering/advanced-views/14-graph-louvain.Rmd
[2026-09-20 18:02:19] phase=rmd->docx status=ok duration=0.086s file=Rmd/clustering/advanced-views/README.Rmd
[2026-09-20 18:02:19] phase=rmd->docx status=ok duration=0.457s file=Rmd/clustering/density/10-density-dbscan.Rmd
[2026-09-20 18:02:19] phase=rmd->docx status=ok duration=0.083s file=Rmd/clustering/density/README.Rmd
[2026-09-20 18:02:20] phase=rmd->docx status=ok duration=0.562s file=Rmd/clustering/model-selection/19-custom-evaluation.Rmd
[2026-09-20 18:02:21] phase=rmd->docx status=ok duration=0.659s file=Rmd/clustering/model-selection/20-model-selection-tuning.Rmd
[2026-09-20 18:02:21] phase=rmd->docx status=ok duration=0.092s file=Rmd/clustering/model-selection/README.Rmd
[2026-09-20 18:02:21] phase=rmd->docx status=ok duration=0.448s file=Rmd/clustering/partitional/01-partitional-kmeans.Rmd
[2026-09-20 18:02:22] phase=rmd->docx status=ok duration=0.555s file=Rmd/clustering/partitional/02-medoid-pam.Rmd
[2026-09-20 18:02:22] phase=rmd->docx status=ok duration=0.105s file=Rmd/clustering/partitional/README.Rmd
[2026-09-20 18:02:22] phase=rmd->docx status=ok duration=0.108s file=Rmd/clustering/README.Rmd
[2026-09-20 18:02:22] phase=rmd->docx status=ok duration=0.416s file=Rmd/custom/01-custom-transformation.Rmd
[2026-09-20 18:02:23] phase=rmd->docx status=ok duration=0.509s file=Rmd/custom/10-custom-classification.Rmd
[2026-09-20 18:02:23] phase=rmd->docx status=ok duration=0.531s file=Rmd/custom/20-custom-regression.Rmd
[2026-09-20 18:02:24] phase=rmd->docx status=ok duration=0.431s file=Rmd/custom/30-custom-clustering.Rmd
[2026-09-20 18:02:24] phase=rmd->docx status=ok duration=0.394s file=Rmd/custom/40-autoencoder-base-encoder.Rmd
[2026-09-20 18:02:25] phase=rmd->docx status=ok duration=0.370s file=Rmd/custom/41-autoencoder-base-encoder-decoder.Rmd
[2026-09-20 18:02:25] phase=rmd->docx status=ok duration=0.372s file=Rmd/custom/50-pattern-miner-base.Rmd
[2026-09-20 18:02:25] phase=rmd->docx status=ok duration=0.100s file=Rmd/custom/README.Rmd
[2026-09-20 18:02:26] phase=rmd->docx status=ok duration=0.816s file=Rmd/graphics/comparison/01-comparison-bar.Rmd
[2026-09-20 18:02:26] phase=rmd->docx status=ok duration=0.532s file=Rmd/graphics/comparison/02-comparison-bar-with-error.Rmd
[2026-09-20 18:02:27] phase=rmd->docx status=ok duration=0.573s file=Rmd/graphics/comparison/03-comparison-grouped-bar.Rmd
[2026-09-20 18:02:28] phase=rmd->docx status=ok duration=0.610s file=Rmd/graphics/comparison/04-comparison-stacked-bar.Rmd
[2026-09-20 18:02:28] phase=rmd->docx status=ok duration=0.777s file=Rmd/graphics/comparison/05-comparison-lollipop.Rmd
[2026-09-20 18:02:30] phase=rmd->docx status=ok duration=1.234s file=Rmd/graphics/comparison/06-proportion-pie.Rmd
[2026-09-20 18:02:30] phase=rmd->docx status=ok duration=0.785s file=Rmd/graphics/comparison/07-profile-radar.Rmd
[2026-09-20 18:02:30] phase=rmd->docx status=ok duration=0.111s file=Rmd/graphics/comparison/README.Rmd
[2026-09-20 18:02:33] phase=rmd->docx status=ok duration=2.337s file=Rmd/graphics/distribution/10-distribution-histogram.Rmd
[2026-09-20 18:02:36] phase=rmd->docx status=ok duration=3.096s file=Rmd/graphics/distribution/11-distribution-density.Rmd
[2026-09-20 18:02:37] phase=rmd->docx status=ok duration=1.147s file=Rmd/graphics/distribution/12-distribution-boxplot.Rmd
[2026-09-20 18:02:38] phase=rmd->docx status=ok duration=0.847s file=Rmd/graphics/distribution/13-distribution-boxplot-by-class.Rmd
[2026-09-20 18:02:39] phase=rmd->docx status=ok duration=0.885s file=Rmd/graphics/distribution/14-distribution-density-by-class.Rmd
[2026-09-20 18:02:40] phase=rmd->docx status=ok duration=0.793s file=Rmd/graphics/distribution/20-relationship-scatter.Rmd
[2026-09-20 18:02:40] phase=rmd->docx status=ok duration=0.674s file=Rmd/graphics/distribution/21-relationship-points.Rmd
[2026-09-20 18:02:41] phase=rmd->docx status=ok duration=0.924s file=Rmd/graphics/distribution/22-relationship-correlation.Rmd
[2026-09-20 18:02:45] phase=rmd->docx status=ok duration=3.624s file=Rmd/graphics/distribution/23-relationship-pair.Rmd
